$ git status
On branch main
Your branch is up to date with 'origin/main'.

Untracked files:
  (use "git add <file>..." to include in what will be committed)
        Examen teorico nota.png

nothing added to commit but untracked files present (use "git add" to track)

josue@wolfhard MINGW64 ~/OneDrive/Escritorio/Examen/ISW-EB1-2025/cartagena-josue (main)

josue@wolfhard MINGW64 ~/OneDrive/Escritorio/Examen/ISW-EB1-2025/cartagena-josue (main)
$ git add .

josue@wolfhard MINGW64 ~/OneDrive/Escritorio/Examen/ISW-EB1-2025/cartagena-josue (main)
$ git commit -m "subiendo nota"
[main 4ea29e7] subiendo diagrama de flujo
 1 file changed, 0 insertions(+), 0 deletions(-)
 create mode 100644 cartagena-josue/Examen teorico nota.png

josue@wolfhard MINGW64 ~/OneDrive/Escritorio/Examen/ISW-EB1-2025/cartagena-josue (main)
$ git push origin main
Enumerating objects: 6, done.
Counting objects: 100% (6/6), done.
Delta compression using up to 16 threads
Compressing objects: 100% (4/4), done.
Writing objects: 100% (4/4), 50.46 KiB | 25.23 MiB/s, done.
Total 4 (delta 1), reused 0 (delta 0), pack-reused 0 (from 0)
remote: Resolving deltas: 100% (1/1), completed with 1 local object.
To https://github.com/JosueCartagena/ISW-EB1-2025.git
   963fbb3..4ea29e7  main -> main



-------------------------------------------------------------------------------------
josue@wolfhard MINGW64 ~/OneDrive/Escritorio/Examen/ISW-EB1-2025/cartagena-josue (main)
$ git status
On branch main
Your branch is up to date with 'origin/main'.

Untracked files:
  (use "git add <file>..." to include in what will be committed)
        Pasos para Diagrama de flujo.png

nothing added to commit but untracked files present (use "git add" to track)

josue@wolfhard MINGW64 ~/OneDrive/Escritorio/Examen/ISW-EB1-2025/cartagena-josue (main)
$ git status
On branch main
Your branch is up to date with 'origin/main'.

Untracked files:
  (use "git add <file>..." to include in what will be committed)
        Elementos diagrama de flujo.png

nothing added to commit but untracked files present (use "git add" to track)

josue@wolfhard MINGW64 ~/OneDrive/Escritorio/Examen/ISW-EB1-2025/cartagena-josue (main)
$ git status
On branch main
Your branch is up to date with 'origin/main'.

Untracked files:
  (use "git add <file>..." to include in what will be committed)
        elementos diagrama de flujo.png

nothing added to commit but untracked files present (use "git add" to track)

josue@wolfhard MINGW64 ~/OneDrive/Escritorio/Examen/ISW-EB1-2025/cartagena-josue (main)
$ git commit -m "subiendo diagrama de flujo"
On branch main
Your branch is up to date with 'origin/main'.

Untracked files:
  (use "git add <file>..." to include in what will be committed)
        elementos diagrama de flujo.png

nothing added to commit but untracked files present (use "git add" to track)

josue@wolfhard MINGW64 ~/OneDrive/Escritorio/Examen/ISW-EB1-2025/cartagena-josue (main)
$ git add
Nothing specified, nothing added.
hint: Maybe you wanted to say 'git add .'?
hint: Disable this message with "git config set advice.addEmptyPathspec false"

josue@wolfhard MINGW64 ~/OneDrive/Escritorio/Examen/ISW-EB1-2025/cartagena-josue (main)
$ git add .

josue@wolfhard MINGW64 ~/OneDrive/Escritorio/Examen/ISW-EB1-2025/cartagena-josue (main)
$ git commit -m "subiendo diagrama de flujo"
[main 4ea29e7] subiendo diagrama de flujo
 1 file changed, 0 insertions(+), 0 deletions(-)
 create mode 100644 cartagena-josue/elementos diagrama de flujo.png

josue@wolfhard MINGW64 ~/OneDrive/Escritorio/Examen/ISW-EB1-2025/cartagena-josue (main)
$ git push origin main
Enumerating objects: 6, done.
Counting objects: 100% (6/6), done.
Delta compression using up to 16 threads
Compressing objects: 100% (4/4), done.
Writing objects: 100% (4/4), 50.46 KiB | 25.23 MiB/s, done.
Total 4 (delta 1), reused 0 (delta 0), pack-reused 0 (from 0)
remote: Resolving deltas: 100% (1/1), completed with 1 local object.
To https://github.com/JosueCartagena/ISW-EB1-2025.git
   963fbb3..4ea29e7  main -> main

josue@wolfhard MINGW64 ~/OneDrive/Escritorio/Examen/ISW-EB1-2025/cartagena-josue (main)
$ ^C

josue@wolfhard MINGW64 ~/OneDrive/Escritorio/Examen/ISW-EB1-2025/cartagena-josue (main)
$
